<html>
<body>
<pre>
<h1>µVision Build Log</h1>
<h2>Project:</h2>
C:\Users\liuzi\Google Drive\Spring 2018\ValvanoWareTM4C123\ValvanoWareTM4C123\I2C_SLAVE\i2c_slave.uvproj
Project File Date:  07/28/2018

<h2>Output:</h2>
Build target 'Target 1'
compiling main.c...
linking...
Program Size: Code=6040 RO-data=12552 RW-data=84 ZI-data=1132  
".\i2c_slave.axf" - 0 Error(s), 0 Warning(s).
Load "C:\\Users\\liuzi\\Google Drive\\Spring 2018\\ValvanoWareTM4C123\\ValvanoWareTM4C123\\I2C_SLAVE\\i2c_slave.axf" 
Connecting: Mode=JTAG, Speed=1000000Hz
Erase Done.
Programming Done.
Verify OK.
23\\ValvanoWareTM4C123\\I2C_SLAVE\\i2c_slave.axf" 
Connecting: Mode=JTAG, Speed=1000000Hz
Erase Done.
Programming Done.
Verify OK.
ash Download failed  -  Target DLL has been cancelled
ne.
Verify OK.
or target 'Target 1'
E\\i2c_slave.axf" 
Connecting: Mode=JTAG, Speed=1000000Hz
Erase Done.
Programming Done.
Verify OK.
e symbols.
Finished: 1 information, 0 warning and 3 error messages.
".\i2c_slave.axf" - 3 Error(s), 3 Warning(s).
Target not created
eferenced
                char key = 0;
main.c(53): warning:  #550-D: variable "turning" was set but never used
          char turning = 0;
main.c(55): warning:  #177-D: variable "num" was declared but never referenced
                int num = 0;
main.c: 3 warnings, 6 errors
".\i2c_slave.axf" - 6 Error(s), 3 Warning(s).
Target not created
