<html>
<body>
<pre>
<h1>µVision Build Log</h1>
<h2>Project:</h2>
C:\Users\liuzi\Google Drive\Spring 2018\ValvanoWareTM4C123\ValvanoWareTM4C123\I2C_SLAVE\i2c_slave.uvproj
Project File Date:  07/28/2018

<h2>Output:</h2>
Build target 'Target 1'
compiling main.c...
linking...
Program Size: Code=14204 RO-data=3600 RW-data=1644 ZI-data=1132  
".\i2c_slave.axf" - 0 Error(s), 0 Warning(s).
Load "C:\\Users\\liuzi\\Google Drive\\Spring 2018\\ValvanoWareTM4C123\\ValvanoWareTM4C123\\I2C_SLAVE\\i2c_slave.axf" 
Connecting: Mode=JTAG, Speed=1000000Hz
Erase Done.
Programming Done.
Verify OK.
3600 RW-data=1644 ZI-data=1132  
".\i2c_slave.axf" - 0 Error(s), 1 Warning(s).
i2c_slave.axf" 
Connecting: Mode=JTAG, Speed=1000000Hz
Connection failed!, error code=&d
Error: Flash Download failed  -  Target DLL has been cancelled
Load "C:\\Users\\liuzi\\Google Drive\\Spring 2018\\ValvanoWareTM4C123\\ValvanoWareTM4C123\\I2C_SLAVE\\i2c_slave.axf" 
Connecting: Mode=JTAG, Speed=1000000Hz
Erase Done.
Programming Done.
Verify OK.
eferred from sysctl.o).
Not enough information to list image symbols.
Finished: 1 information, 0 warning and 6 error messages.
".\i2c_slave.axf" - 6 Error(s), 1 Warning(s).
Target not created
mbol GPIOPinTypeUART (referred from main.o).
.\i2c_slave.axf: Error: L6218E: Undefined symbol GPIOPinWrite (referred from main.o).
.\i2c_slave.axf: Error: L6218E: Undefined symbol I2CSlaveDataGet (referred from main.o).
.\i2c_slave.axf: Error: L6218E: Undefined symbol I2CSlaveDataPut (referred from main.o).
.\i2c_slave.axf: Error: L6218E: Undefined symbol I2CSlaveEnable (referred from main.o).
.\i2c_slave.axf: Error: L6218E: Undefined symbol I2CSlaveInit (referred from main.o).
.\i2c_slave.axf: Error: L6218E: Undefined symbol I2CSlaveIntClear (referred from main.o).
.\i2c_slave.axf: Error: L6218E: Undefined symbol I2CSlaveIntEnableEx (referred from main.o).
.\i2c_slave.axf: Error: L6218E: Undefined symbol SysCtlClockGet (referred from main.o).
.\i2c_slave.axf: Error: L6218E: Undefined symbol SysCtlClockSet (referred from main.o).
.\i2c_slave.axf: Error: L6218E: Undefined symbol SysCtlDelay (referred from main.o).
.\i2c_slave.axf: Error: L6218E: Undefined symbol SysCtlPeripheralEnable (referred from main.o).
.\i2c_slave.axf: Error: L6218E: Undefined symbol SysCtlPeripheralReady (referred from main.o).
.\i2c_slave.axf: Error: L6218E: Undefined symbol SysCtlPeripheralReset (referred from main.o).
.\i2c_slave.axf: Error: L6218E: Undefined symbol UARTClockSourceSet (referred from main.o).
.\i2c_slave.axf: Error: L6218E: Undefined symbol UARTStdioConfig (referred from main.o).
.\i2c_slave.axf: Error: L6218E: Undefined symbol UARTprintf (referred from main.o).
Not enough information to list image symbols.
Finished: 1 information, 0 warning and 26 error messages.
".\i2c_slave.axf" - 26 Error(s), 1 Warning(s).
Target not created
